[recordatirarediseases.com.mx/index.html]
[recordatirarediseases.com.mx/icon.png]
[backblue.gif]
[fade.gif]
[index.html]
[recordatirarediseases.com.mx/index-2.html]
[recordatirarediseases.com.mx/grupo.html]
[recordatirarediseases.com.mx/recordati_mexico.html]
[recordatirarediseases.com.mx/acerca_de_nosotros.html]
[recordatirarediseases.com.mx/contacto.html]
[recordatirarediseases.com.mx/img/bandera.jpg]
[recordatirarediseases.com.mx/img/logo_recordati.png]
[recordatirarediseases.com.mx/img/flecha.png]
[recordatirarediseases.com.mx/img/manos.jpg]
[recordatirarediseases.com.mx/img/carbaglu.jpg]
[recordatirarediseases.com.mx/img/cystadane.jpg]
[recordatirarediseases.com.mx/img/cosmegen.jpg]
[recordatirarediseases.com.mx/img/cystagon.jpg]
[recordatirarediseases.com.mx/img/pedea.jpg]
[recordatirarediseases.com.mx/img/logo_footer.png]
[recordatirarediseases.com.mx/politica_de_privacida.html]
[recordatirarediseases.com.mx/terminos_de_uso.html]
[recordatirarediseases.com.mx/js/materialize.min.js]
[recordatirarediseases.com.mx/js/scripts.js]
[recordatirarediseases.com.mx/index.html]
[recordatirarediseases.com.mx/fonts/roboto/Roboto-Thin.woff2]
[recordatirarediseases.com.mx/fonts/roboto/Roboto-Thin.woff]
[recordatirarediseases.com.mx/fonts/roboto/Roboto-Light.woff2]
[recordatirarediseases.com.mx/fonts/roboto/Roboto-Light.woff]
[recordatirarediseases.com.mx/fonts/roboto/Roboto-Regular.woff2]
[code.jquery.com/jquery-2.1.1.min.js]
[recordatirarediseases.com.mx/fonts/roboto/Roboto-Regular.woff]
[recordatirarediseases.com.mx/fonts/roboto/Roboto-Medium.woff2]
[recordatirarediseases.com.mx/fonts/roboto/Roboto-Medium.woff]
[recordatirarediseases.com.mx/fonts/roboto/Roboto-Bold.woff2]
[recordatirarediseases.com.mx/fonts/roboto/Roboto-Bold.woff]
[recordatirarediseases.com.mx/css/materialize.min.css]
[recordatirarediseases.com.mx/font/Frutiger_LT_45_Light.ttf]
[recordatirarediseases.com.mx/font/Frutiger_LT_55_Roman.ttf]
[recordatirarediseases.com.mx/font/Frutiger_45_Bold.otf]
[recordatirarediseases.com.mx/font/mathilde.otf]
[recordatirarediseases.com.mx/img/home_responsive.jpg]
[recordatirarediseases.com.mx/img/icon_menu.png]
[recordatirarediseases.com.mx/img/r.png]
[recordatirarediseases.com.mx/img/presidente.jpg]
[recordatirarediseases.com.mx/img/vicepresidente.jpg]
[recordatirarediseases.com.mx/img/director_ejecutivo.jpg]
[recordatirarediseases.com.mx/img/orphan_drugs.jpg]
[recordatirarediseases.com.mx/img/cerrar_modal.png]
[recordatirarediseases.com.mx/img/back_legales.png]
[recordatirarediseases.com.mx/css/main.css]
[recordatirarediseases.com.mx/index-2.html]
[recordatirarediseases.com.mx/img/logo_recordati_2.png]
[recordatirarediseases.com.mx/img/grupo_responsive.jpg]
[recordatirarediseases.com.mx/grupo.html]
[recordatirarediseases.com.mx/img/recordati_mexico_responsive.jpg]
[recordatirarediseases.com.mx/recordati_mexico.html]
[recordatirarediseases.com.mx/img/acerca_de_nosotros_responsive.jpg]
[recordatirarediseases.com.mx/acerca_de_nosotros.html]
[recordatirarediseases.com.mx/img/contacto_responsive.jpg]
[recordatirarediseases.com.mx/contacto.html]
[recordatirarediseases.com.mx/politica_de_privacida.html]
[recordatirarediseases.com.mx/terminos_de_uso.html]
[recordatirarediseases.com.mx/fonts/roboto/Roboto-Thin.html]
[recordatirarediseases.com.mx/fonts/roboto/Roboto-Thin-2.html]
[recordatirarediseases.com.mx/fonts/roboto/Roboto-Light.html]
[recordatirarediseases.com.mx/fonts/roboto/Roboto-Light-2.html]
[recordatirarediseases.com.mx/fonts/roboto/Roboto-Regular.html]
[recordatirarediseases.com.mx/fonts/roboto/Roboto-Regular-2.html]
[recordatirarediseases.com.mx/fonts/roboto/Roboto-Medium.html]
[recordatirarediseases.com.mx/fonts/roboto/Roboto-Medium-2.html]
[recordatirarediseases.com.mx/fonts/roboto/Roboto-Bold.html]
[recordatirarediseases.com.mx/fonts/roboto/Roboto-Bold-2.html]
